設定ハッシュ: 2b76782a3e0111ee
[    2s] データ 747,159本 2016-01-03〜2026-09-15 / 特徴量・目的変数を作成
設定ハッシュ: 2b76782a3e0111ee

評価: 2023-01-01〜2026-09-30  点数222,597  / 基準(比を加えない本番モデル) R²=0.3751
[   26s] P0: 固定: 2021-01〜2022-12で作った表を、そのまま使う: 学び直し61,847回
  R²の改善 +0.0514  (年別 2023:+0.059 2024:+0.065 2025:+0.059 2026:+0.036)  判定の偏り(最大) 42.0ポイント
    静か/普通/荒いの割合(年別): 2023: 1/40/59  2024: 2/34/64  2025: 1/32/67  2026: 20/54/25
[   43s] P1: 直近250営業日(約1年)から、毎月1日に作り直す: 学び直し20,199回
  R²の改善 +0.0455  (年別 2023:+0.051 2024:+0.062 2025:+0.051 2026:+0.031)  判定の偏り(最大) 27.2ポイント
    静か/普通/荒いの割合(年別): 2023: 30/47/23  2024: 19/43/38  2025: 38/47/16  2026: 52/29/19
[   55s] P2: 直近250営業日(約1年)から、3か月ごと(1・4・7・10月の1日)に作り直す: 学び直し20,199回
  R²の改善 +0.0458  (年別 2023:+0.050 2024:+0.064 2025:+0.050 2026:+0.031)  判定の偏り(最大) 31.0ポイント
    静か/普通/荒いの割合(年別): 2023: 31/48/21  2024: 21/41/38  2025: 37/47/17  2026: 56/28/16
[   72s] P3: 直近120営業日(約半年)から、毎月1日に作り直す: 学び直し19,905回
  R²の改善 +0.0343  (年別 2023:+0.030 2024:+0.056 2025:+0.031 2026:+0.029)  判定の偏り(最大) 14.1ポイント
    静か/普通/荒いの割合(年別): 2023: 33/44/23  2024: 21/44/35  2025: 36/44/20  2026: 39/37/24
[   84s] P4: 直近500営業日(約2年)から、3か月ごとに作り直す: 学び直し20,199回
  R²の改善 +0.0482  (年別 2023:+0.053 2024:+0.066 2025:+0.054 2026:+0.033)  判定の偏り(最大) 42.8ポイント
    静か/普通/荒いの割合(年別): 2023: 12/56/33  2024: 24/39/37  2025: 23/52/26  2026: 68/24/8

================================================================================
■ 選択(事前登録の基準)
================================================================================
  偏り8ポイント以内: なし  → 採用候補 P3(偏り8ポイント以内の方式がないため、偏りが最小) R²改善+0.0343
  ただし、P3のR²改善が固定(P0)より0.005以上高くない(-0.0171)ため、更新の手間が少ないP2を採用
  → 採用: P2  直近250営業日(約1年)から、3か月ごと(1・4・7・10月の1日)に作り直す
